Header: test33_n1_weight_tbl_fmla
Original working header: indexer_mqa_logits.h
Run type: formal target-node rerun reported by user
SHA256: 2DF257070A74556E1EE35AE2AE6BD7384AABDC26B6C2D39EC7F572A34D3E60CB

Total Number of Testcases: 2
================================================================================
Running on Testcase 1:
Parameters: batch_size = 32, next_n = 2, avg_kv = 1024
cos_diff: 2.742251e-14
Performance: 12.358810 TFLOPS
================================================================================
Running on Testcase 2:
Parameters: batch_size = 128, next_n = 1, avg_kv = 4096
cos_diff: 7.850614e-14
Performance: 13.962110 TFLOPS
================================================================================
All Tests Ends

Change: n1 phase16 reduction replicates each four-weight group with SVE TBL
before indexed FMLA. This avoids the incorrect per-128-bit-segment weight
selection of the rejected direct indexed-FMLA candidate.

Relative to test31 (12.359292 / 13.782926 TFLOPS):
Case 1: -0.003900% (effectively unchanged)
Case 2: +1.300043%

Relative to test30 (12.251654 / 13.275074 TFLOPS):
Case 1: +0.874625%
Case 2: +5.175384%

Conclusion: test33 is the accepted working baseline. Case 1 is unchanged from
test31 while Case 2 improves by 1.30%. Alternating target-node A/B runs remain
recommended for median and variance reporting.
